{
    "isolate_id": "16-LI00732-0",
    "characterization": {
        "amr": {
            "count_amr_genes": 2,
            "count_amr_genes_acquired": 2,
            "count_amr_genes_pointmutations": 0,
            "amr_genes": "fosX;vga(G)",
            "count_amr_bymobility": "chromosome (2)",
            "amrclassinfo": {
                "count_amr_classes": 2,
                "amr_classes": "FOSFOMYCIN;LINCOSAMIDE",
                "count_amr_subclasses": 2,
                "amr_subclasses": "FOSFOMYCIN;LINCOSAMIDE"
            },
            "amr_genes_byclass": "FOSFOMYCIN (fosX);LINCOSAMIDE (vga(G))",
            "count_amr_genes_byclass": "FOSFOMYCIN (1);LINCOSAMIDE (1)",
            "count_amr_genes_bysubclass": "FOSFOMYCIN (1);LINCOSAMIDE (1)",
            "amr_genes_bysubclass": "FOSFOMYCIN (fosX);LINCOSAMIDE (vga(G))",
            "count_amr_phenotypes": 0,
            "amr_phenotypes": "",
            "esbl_detected": {
                "esbl_detected": false
            },
            "stress_genes": {
                "METAL": {
                    "genes": {
                        "genes_by_type": "cadC"
                    },
                    "count": {
                        "count": 1
                    }
                }
            },
            "count_stress_genes_bytype": "METAL (1)",
            "stress_genes_bytype": "METAL (cadC)"
        },
        "virulence": {
            "count_virulencefactors": 35,
            "virulencefactors": "clpC;vip;inlF;pdgA;inlA;inlB;lntA;iap;inlC;fbpA;lspA;lpeA;bsh;hbp2;hbp1;prsA2;lapB;lap;oatA;inlK;inlJ;aut;clpE;lplA1;hpt;clpP;inlP;gtcA;ami;plcB;actA;mpl;hly;plcA;prfA",
            "count_virulencefactors_byclass": "Adherence (7);Exoenzyme (1);Exotoxin (3);Immune_modulation (5);Invasion (6);Motility (1);Nutritional/Metabolic_factor (4);Post-translational_modification (3);Regulation (1);Stress_survival (4)"
        },
        "plasmids": {
            "count_INC": 1,
            "INC_types": "rep25_2_M640p00130(J1776plasmid)",
            "cumulative_plasmid_length": 25677,
            "plasmid_contigs": 1,
            "circular_contigs": 1,
            "replication_elements": 1,
            "mobilization_elements": 0,
            "conjugation_elements": 0,
            "count_OriT": 0,
            "plasmid_fasta": "NA"
        },
        "reference_information": {
            "reference_species": "Listeria monocytogenes",
            "reference_genus": "Listeria",
            "reference_identity": 0.985,
            "reference_accession": "GCF_001565515.1",
            "reference_genome": " Listeria monocytogenes strain LM09-00521 genome assembly"
        },
        "Listeria": {
            "serotype": "1/2c, 3c",
            "PRS": "FULL",
            "LMO0737": "FULL",
            "LMO1118": "FULL",
            "ORF2110": "NONE",
            "ORF2819": "NONE",
            "comment": "NA"
        }
    }
}